// Jest Snapshot v1, https://goo.gl/fbAQLP

exports[`Test app renders the initial app 1`] = `
<div>
  <p
    data-testid="header"
  >
    On home
  </p>
  <a
    data-testid="swap-to-other-machine"
    href="/settings/"
  >
    Swap to settings
  </a>
  <header
    class="header"
  >
    <h1>
      todos
    </h1>
    <input
      class="new-todo"
      data-testid="todo-input"
      placeholder="What needs to be done?"
      value=""
    />
  </header>
  <section
    class="main"
  >
    <input
      class="toggle-all"
      data-testid="update-all"
      id="toggle-all"
      type="checkbox"
    />
    <label
      for="toggle-all"
    >
      Mark all as complete
    </label>
    <ul
      class="todo-list"
    >
      <li
        class=""
        data-testid="todo"
      >
        <div
          class="view"
        >
          <input
            class="toggle"
            data-testid="toggle-todo"
            type="checkbox"
          />
          <label>
            foo
          </label>
          <button
            class="destroy"
            data-testid="remove-todo"
          />
        </div>
        <input
          class="edit"
          value="foo"
        />
      </li>
      <li
        class="completed"
        data-testid="todo"
      >
        <div
          class="view"
        >
          <input
            checked=""
            class="toggle"
            data-testid="toggle-todo"
            type="checkbox"
          />
          <label>
            bar
          </label>
          <button
            class="destroy"
            data-testid="remove-todo"
          />
        </div>
        <input
          class="edit"
          value="bar"
        />
      </li>
    </ul>
  </section>
  <footer
    class="footer"
  >
    <span
      class="todo-count"
    >
      <strong
        data-testid="uncompleted-count"
      >
        1
      </strong>
       
      item
       left
    </span>
    <ul
      class="filters"
    >
      <li>
        <a
          class="selected"
          data-testid="view-all"
          href="#/"
        >
          All
        </a>
      </li>
      <li>
        <a
          class=""
          data-testid="view-active"
          href="#/active"
        >
          Active
        </a>
      </li>
      <li>
        <a
          class=""
          href="#/completed"
        >
          Completed
        </a>
      </li>
    </ul>
    <button
      class="clear-completed"
    >
      Clear completed
    </button>
  </footer>
</div>
`;
